chrX:123214-123254	chrX:10524-181991	TGAGATTGAGAGAGAGAGAGAGAGAGAGAGAGAGAGAGAGA	42.02	5361	5361	1.0	6.0	822.9888831747554	4.76826803109418	0.9942395326646857
chrX:15770-15810	chrX:10524-181991	ATTTTGTAATCAACTGAAAGAAGGCAGAAGGAGTCGATGGG	42.5	1320	1320	1.0	5.2462227196418585	55.53368699301198	0.0	1.0
chrX:16437-16477	chrX:10524-181991	AAGAAACTATGTTGTTTAAAATGCCAGCGGAAAGTCCATGG	42.25	1320	1320	1.0	5.2462227196418585	54.99974701164979	0.0	1.0
chrX:16328-16367	chrX:10524-181991	GAGCGTTGGGTGGGAACGTGGCACGAGAGAGAGAAATTAT	46.97	1247	1247	1.0	5.2326058571162095	54.9999994041871	0.0	1.0
chrX:13564-13600	chrX:10524-181991	TTGTCTGTCTTGAGAATAGCATTCAACGCGACTGTGT	42.6	1120	1120	1.0	5.208916246968848	55.99958050180438	0.0	1.0
chrX:14225-14260	chrX:10524-181991	GGACCGCTTTCTGGTTTGTCAGGAAGGCAGGCTAGT	46.74	1064	1064	1.0	5.1984704346204085	55.999996139129024	0.0	1.0
chrX:15515-15550	chrX:10524-181991	GAGGATGCATCCTTTGCAGGACCCGGTCTGGTACAG	46.65	1064	1064	1.0	5.1984704346204085	55.99990112536963	0.0	1.0
chrX:15442-15477	chrX:10524-181991	CGTGCCTCTCCTCCAGTGGGTCCCTCAGGTAGAATC	46.96	1064	1064	1.0	5.1984704346204085	55.999994166256336	0.0	1.0
chrX:16518-16553	chrX:10524-181991	GGCGTAGTGTCTTCCCACTGTTTTGTCTGTCTTGAG	43.0	1064	1064	1.0	5.1984704346204085	55.99969682967483	0.0	1.0
chrX:15574-15609	chrX:10524-181991	GGCTTTCTGGCTTCTCCGAGGGTGTTCAGGAGTCTC	46.37	1064	1064	1.0	5.1984704346204085	55.999993056429155	0.0	1.0
chrX:13668-13703	chrX:10524-181991	TCACAGAATATGTTTGGGCAGGAAGATCGGAACACT	42.34	1064	1064	1.0	5.1984704346204085	55.999507055421525	0.0	1.0
chrX:13632-13667	chrX:10524-181991	CCTTGAGTGCCGGACGAGGTCAACATAGGCTTTCCG	46.87	1064	1064	1.0	5.1984704346204085	55.9999911761957	0.0	1.0
chrX:13744-13779	chrX:10524-181991	GTCGTCAGGGAAATGCCCGCCTCTGTGTGTGTTGTA	46.87	1064	1064	1.0	5.1984704346204085	55.999998959592624	0.0	1.0
chrX:13805-13840	chrX:10524-181991	GGAGAGTTGGACGTAGGCCAGGTGTGAGGAGGAGAG	46.84	1064	1064	1.0	5.1984704346204085	55.99999389172095	0.0	1.0
chrX:13946-13981	chrX:10524-181991	CGGTCCCGCTATTCCGGAATTGTGGGTTCACCTGAA	46.74	1064	1064	1.0	5.1984704346204085	55.99999051546279	0.0	1.0
chrX:14107-14142	chrX:10524-181991	CTGGGATCCTAGTGTGTGCCCAGTCTCCTTCTCGTC	45.77	1064	1064	1.0	5.1984704346204085	55.99999040897773	0.0	1.0
chrX:14147-14182	chrX:10524-181991	CGGGTTCCACCATCCTCCCATCCTAACGCATCGTTA	46.19	1064	1064	1.0	5.1984704346204085	55.999983051683586	0.0	1.0
chrX:15089-15124	chrX:10524-181991	CCGCCTTGTTGAGACTTGCCACCCTGTCTTGTTGTG	46.41	1062	1062	1.0	5.198097369893676	55.999992435962795	0.0	1.0
chrX:15648-15683	chrX:10524-181991	GGCACCGCTTCGCTCAATTCAGGAGTGGAGAAGGAA	46.82	1060	1060	1.0	5.197724305166947	55.99999479323072	0.0	1.0
chrX:15684-15719	chrX:10524-181991	GCTAGAGGACCCTCTGGAGGTGGCAGGTTTAATGTC	44.85	1055	1055	1.0	5.196791643350122	55.99994741527607	0.0	1.0
chrX:15847-15882	chrX:10524-181991	GGCAGAAAAGGTCCAGAGGGTTCATGGTCCTCCGTT	46.55	1055	1055	1.0	5.196791643350122	55.999619541875866	0.0	1.0
chrX:15250-15285	chrX:10524-181991	CACCGACCGATGAGTTCGGTGGCAAAGCTTGAGAAA	45.9	1047	1047	1.0	5.195299384443201	55.99933302808685	0.0	1.0
chrX:16203-16238	chrX:10524-181991	CAGTTGCAGCTCTTACCGTTTTGAAGGCGCACGTGG	46.82	1045	1045	1.0	5.194926319716472	54.99999847163394	0.0	1.0
chrX:15811-15846	chrX:10524-181991	CCTCTTAGGCCGGAAACCTTACAAGCATAGGACCAA	43.62	1045	1045	1.0	5.194926319716472	54.999893164475644	0.0	1.0
chrX:16482-16517	chrX:10524-181991	GAAAGAGTCCGGCAATGGCCAGGGAGTTAGCAGCTT	46.99	1045	1045	1.0	5.194926319716472	55.9992692594397	0.0	1.0
chrX:16167-16202	chrX:10524-181991	CGCCTCTCAGCCTATCTGCACCATGTCTCACACGTT	46.44	1045	1045	1.0	5.194926319716472	54.99999199128075	0.0	1.0
chrX:16099-16134	chrX:10524-181991	GGTGTTACTCGTGGTGGTAGAAGTGGAGGGCGTGTC	46.35	1045	1045	1.0	5.194926319716472	54.99999877306581	0.0	1.0
chrX:14415-14450	chrX:10524-181991	GGCAGGTGGGCATTTCTGGAGCAATACTGCCATCAA	46.2	1042	1042	1.0	5.194366722626375	56.006267559104515	0.0	1.0
chrX:15939-15974	chrX:10524-181991	GTGCGCTGAGGCACTGTCACGCAAAGAGACATTCAC	46.51	1029	1029	1.0	5.1919418019026295	55.02874510376769	0.0	1.0
chrX:16280-16315	chrX:10524-181991	GACAGAGAGAGCAGGAGAGGAAGTGGGCCCCAGTAG	46.81	1027	1027	1.0	5.1915687371759	54.999999442657916	0.0	1.0
chrX:16015-16050	chrX:10524-181991	CGTGCCCAAGAGGAACGGGATGACATTCAACTGGGA	46.75	1027	1027	1.0	5.1915687371759	55.646689505519575	0.0	1.0
chrX:16239-16274	chrX:10524-181991	GCAAGAAGTCCTGGGCAGCACAAGAAAGTCAATCAC	43.91	949	949	1.0	5.177019212833427	54.99837570293699	0.0	1.0
chrX:179555-179590	chrX:10524-181991	AATCGCGCAAAGTAGAAGTGGGCGAGAGAGTGTTGG	45.61	166	166	1.0	5.030964372318597	48.9495756865763	0.0	1.0
chrX:13432-13472	chrX:10524-181991	GAGAGAGAGAGAAAGAGAGACAGAGAAAGAAGAAACGGTGC	42.64	79	79	1.0	5.0147360567058366	368.2408519447318	0.358538015688904	0.9990272962314793
chrX:179284-179319	chrX:10524-181991	CGGTCCGCTGTGACGAAGAGGTACGGGATGACATTC	46.45	19	19	1.0	5.003544114903937	52.69433824717384	0.7045674732110063	0.9868055821798978
