s	h:m:s	max_rss	max_vms	max_uss	max_pss	io_in	io_out	mean_load	cpu_time
15.0092	0:00:15	124.37	623.00	77.02	99.01	0.01	3.13	66.94	10.42
