s	h:m:s	max_rss	max_vms	max_uss	max_pss	io_in	io_out	mean_load	cpu_time
15.8230	0:00:15	621.50	931.44	619.16	619.27	64.05	0.02	46.29	7.57
