s	h:m:s	max_rss	max_vms	max_uss	max_pss	io_in	io_out	mean_load	cpu_time
3.4439	0:00:03	228.94	529.41	214.00	220.06	0.00	0.09	73.51	2.80
