s	h:m:s	max_rss	max_vms	max_uss	max_pss	io_in	io_out	mean_load	cpu_time
7.6532	0:00:07	103.79	619.55	69.01	85.35	0.00	0.23	14.66	1.23
