s	h:m:s	max_rss	max_vms	max_uss	max_pss	io_in	io_out	mean_load	cpu_time
0.7915	0:00:00	28.62	297.43	26.53	26.58	0.00	0.00	0.00	0.19
