s	h:m:s	max_rss	max_vms	max_uss	max_pss	io_in	io_out	mean_load	cpu_time
22.9188	0:00:22	72.27	363.82	55.38	62.68	0.00	0.00	3.54	0.84
