s	h:m:s	max_rss	max_vms	max_uss	max_pss	io_in	io_out	mean_load	cpu_time
22.9173	0:00:22	71.40	368.23	54.84	62.01	0.00	0.00	3.54	0.84
