s	h:m:s	max_rss	max_vms	max_uss	max_pss	io_in	io_out	mean_load
0.7346	0:00:00	4.33	127.09	1.75	2.05	0.00	0.00	0.00
