chrX:10524-181991	chrX:123214-123253
chrX:10524-181991	chrX:123214-123253
chrX:10524-181991	chrX:123214-123253
chrX:10524-181991	chrX:123214-123253
chrX:10524-181991	chrX:123214-123253
chrX:10524-181991	chrX:123214-123253
chrX:10524-181991	chrX:123214-123253
chrX:10524-181991	chrX:123214-123253
chrX:10524-181991	chrX:123214-123253
chrX:10524-181991	chrX:123214-123253
chrX:10524-181991	chrX:123214-123253
chrX:10524-181991	chrX:123214-123253
chrX:10524-181991	chrX:123214-123253
chrX:10524-181991	chrX:123214-123253
chrX:10524-181991	chrX:123214-123253
chrX:10524-181991	chrX:123214-123253
chrX:10524-181991	chrX:123214-123253
chrX:10524-181991	chrX:123214-123253
chrX:10524-181991	chrX:123214-123253
chrX:10524-181991	chrX:123214-123253
chrX:10524-181991	chrX:123214-123253
chrX:10524-181991	chrX:123214-123253
chrX:10524-181991	chrX:123214-123253
chrX:10524-181991	chrX:123214-123253
chrX:10524-181991	chrX:123214-123253
chrX:10524-181991	chrX:123214-123253
chrX:10524-181991	chrX:123214-123253
chrX:10524-181991	chrX:123214-123253
chrX:10524-181991	chrX:123214-123253
chrX:10524-181991	chrX:123214-123253
chrX:10524-181991	chrX:123214-123253
chrX:10524-181991	chrX:123214-123253
chrX:10524-181991	chrX:123214-123253
chrX:10524-181991	chrX:123214-123253
chrX:10524-181991	chrX:123214-123253
