chrX:10528-181991	chrX:123214-123253
chrX:10528-181991	chrX:123214-123253
chrX:10528-181991	chrX:123214-123253
chrX:10528-181991	chrX:123214-123253
chrX:10528-181991	chrX:123214-123253
chrX:10528-181991	chrX:123214-123253
chrX:10528-181991	chrX:123214-123253
chrX:10528-181991	chrX:123214-123253
chrX:10528-181991	chrX:123214-123253
chrX:10528-181991	chrX:123214-123253
chrX:10528-181991	chrX:123214-123253
chrX:10528-181991	chrX:123214-123253
chrX:10528-181991	chrX:123214-123253
chrX:10528-181991	chrX:123214-123253
chrX:10528-181991	chrX:123214-123253
chrX:10528-181991	chrX:123214-123253
chrX:10528-181991	chrX:123214-123253
chrX:10528-181991	chrX:123214-123253
chrX:10528-181991	chrX:123214-123253
chrX:10528-181991	chrX:123214-123253
chrX:10528-181991	chrX:123214-123253
chrX:10528-181991	chrX:123214-123253
chrX:10528-181991	chrX:123214-123253
chrX:10528-181991	chrX:123214-123253
chrX:10528-181991	chrX:123214-123253
chrX:10528-181991	chrX:123214-123253
chrX:10528-181991	chrX:123214-123253
chrX:10528-181991	chrX:123214-123253
chrX:10528-181991	chrX:123214-123253
chrX:10528-181991	chrX:123214-123253
chrX:10528-181991	chrX:123214-123253
chrX:10528-181991	chrX:123214-123253
chrX:10528-181991	chrX:123214-123253
chrX:10528-181991	chrX:123214-123253
chrX:10528-181991	chrX:123214-123253
