s	h:m:s	max_rss	max_vms	max_uss	max_pss	io_in	io_out	mean_load	cpu_time
0.6464	0:00:00	46.48	322.84	32.96	38.71	0.00	0.00	0.00	0.38
