s	h:m:s	max_rss	max_vms	max_uss	max_pss	io_in	io_out	mean_load	cpu_time
1.2491	0:00:01	43.22	345.43	29.79	35.23	0.00	0.00	36.48	0.71
