s	h:m:s	max_rss	max_vms	max_uss	max_pss	io_in	io_out	mean_load	cpu_time
11.5462	0:00:11	42.92	365.69	29.40	32.27	0.00	0.00	4.75	0.45
