s	h:m:s	max_rss	max_vms	max_uss	max_pss	io_in	io_out	mean_load	cpu_time
11.5424	0:00:11	42.65	364.92	29.17	32.03	0.00	0.00	4.79	0.46
