s	h:m:s	max_rss	max_vms	max_uss	max_pss	io_in	io_out	mean_load	cpu_time
10.2991	0:00:10	230.05	662.44	213.79	220.80	0.00	0.00	15.27	1.88
