chr4:507-110000	chr4:3998-3998
chr4:507-110000	chr4:3998-3998
chr4:507-110000	chr4:3998-3998
chr4:507-110000	chr4:3998-3998
chr4:507-110000	chr4:3998-3998
chr4:507-110000	chr4:3998-3998
chr4:507-110000	chr4:3998-3998
chr4:507-110000	chr4:3998-3998
chr4:507-110000	chr4:3998-3998
chr4:507-110000	chr4:3998-3998
