chr9	49055551	76694047	chr9	45000000	50000000
chr9	49055551	76694047	chr9	60000000	65000000
chr9	49055551	76694047	chr9	70000000	75000000
chr9	49055551	76694047	chr9	50000000	55000000
chr9	49055551	76694047	chr9	55000000	60000000
chr9	49055551	76694047	chr9	75000000	80000000
chr9	49055551	76694047	chr9	65000000	70000000
