s	h:m:s	max_rss	max_vms	max_uss	max_pss	io_in	io_out	mean_load	cpu_time
1.2649	0:00:01	45.53	346.16	32.23	37.67	0.00	0.00	36.71	0.71
