s	h:m:s	max_rss	max_vms	max_uss	max_pss	io_in	io_out	mean_load	cpu_time
1.2690	0:00:01	39.17	313.04	26.71	31.80	0.00	0.00	21.23	0.30
