chr9	45000000	50000000	979.2013007266858	1
chr9	50000000	55000000	5374.325606998995	1
chr9	55000000	60000000	5229.05487489487	1
chr9	60000000	65000000	5262.5339989040785	1
chr9	65000000	70000000	5224.219858399873	1
chr9	70000000	75000000	5240.851637509153	1
chr9	75000000	80000000	1716.378330826126	1
