s	h:m:s	max_rss	max_vms	max_uss	max_pss	io_in	io_out	mean_load	cpu_time
10.1161	0:00:10	42.98	319.67	29.44	35.16	0.00	0.00	3.96	0.43
