s	h:m:s	max_rss	max_vms	max_uss	max_pss	io_in	io_out	mean_load	cpu_time
10.1233	0:00:10	42.98	319.67	29.31	35.04	0.00	0.00	3.85	0.42
