chrX	0	100000	1608.3371157741028	1
chrX	100000	182000	1410.7466997540014	1
