s	h:m:s	max_rss	max_vms	max_uss	max_pss	io_in	io_out	mean_load	cpu_time
2.0564	0:00:02	37.41	361.29	35.11	35.18	0.00	0.00	7.77	0.27
