s	h:m:s	max_rss	max_vms	max_uss	max_pss	io_in	io_out	mean_load	cpu_time
0.3070	0:00:00	8.27	346.18	5.49	5.75	0.00	0.00	0.00	0.03
