s	h:m:s	max_rss	max_vms	max_uss	max_pss	io_in	io_out	mean_load	cpu_time
11.1356	0:00:11	222.21	11527.86	198.29	203.84	0.02	6.22	43.82	3.71
