s	h:m:s	max_rss	max_vms	max_uss	max_pss	io_in	io_out	mean_load	cpu_time
2.5875	0:00:02	116.79	615.17	113.77	113.83	0.01	0.19	25.92	1.05
