s	h:m:s	max_rss	max_vms	max_uss	max_pss	io_in	io_out	mean_load	cpu_time
1.1867	0:00:01	46.95	346.06	32.63	36.51	0.00	0.01	41.77	0.77
