chrX:10528-181991	chrX:0-182000
chrX:10528-181991	chrX:0-182000
chrX:10528-181991	chrX:0-182000
chrX:10528-181991	chrX:0-182000
chrX:10528-181991	chrX:0-182000
chrX:10528-181991	chrX:0-182000
chrX:10528-181991	chrX:0-182000
chrX:10528-181991	chrX:0-182000
chrX:10528-181991	chrX:0-182000
chrX:10528-181991	chrX:0-182000
chrX:10528-181991	chrX:0-182000
chrX:10528-181991	chrX:0-182000
chrX:10528-181991	chrX:0-182000
chrX:10528-181991	chrX:0-182000
chrX:10528-181991	chrX:0-182000
chrX:10528-181991	chrX:0-182000
chrX:10528-181991	chrX:0-182000
chrX:10528-181991	chrX:0-182000
chrX:10528-181991	chrX:0-182000
chrX:10528-181991	chrX:0-182000
chrX:10528-181991	chrX:0-182000
chrX:10528-181991	chrX:0-182000
chrX:10528-181991	chrX:0-182000
chrX:10528-181991	chrX:0-182000
chrX:10528-181991	chrX:0-182000
chrX:10528-181991	chrX:0-182000
chrX:10528-181991	chrX:0-182000
chrX:10528-181991	chrX:0-182000
chrX:10528-181991	chrX:0-182000
chrX:10528-181991	chrX:0-182000
chrX:10528-181991	chrX:0-182000
chrX:10528-181991	chrX:0-182000
chrX:10528-181991	chrX:0-182000
chrX:10528-181991	chrX:0-182000
chrX:10528-181991	chrX:0-182000
