s	h:m:s	max_rss	max_vms	max_uss	max_pss	io_in	io_out	mean_load	cpu_time
4.1423	0:00:04	206.59	484.38	204.29	204.39	0.00	15.90	77.40	3.46
